[debug] [2025-03-04T03:21:13.258Z] ----------------------------------------------------------------------
[debug] [2025-03-04T03:21:13.260Z] Command:       C:\Program Files\nodejs\node.exe C:\Users\night\AppData\Roaming\npm\node_modules\firebase-tools\lib\bin\firebase.js emulators:start
[debug] [2025-03-04T03:21:13.260Z] CLI Version:   13.31.2
[debug] [2025-03-04T03:21:13.260Z] Platform:      win32
[debug] [2025-03-04T03:21:13.260Z] Node Version:  v20.8.0
[debug] [2025-03-04T03:21:13.260Z] Time:          Mon Mar 03 2025 22:21:13 GMT-0500 (Eastern Standard Time)
[debug] [2025-03-04T03:21:13.260Z] ----------------------------------------------------------------------
[debug] 
[debug] [2025-03-04T03:21:13.440Z] > command requires scopes: ["email","openid","https://www.googleapis.com/auth/cloudplatformprojects.readonly","https://www.googleapis.com/auth/firebase","https://www.googleapis.com/auth/cloud-platform"]
[debug] [2025-03-04T03:21:13.441Z] > authorizing via signed-in user (sharjananstaniculas@gmail.com)
[debug] [2025-03-04T03:21:13.498Z] java version "17.0.12" 2024-07-16 LTS

[debug] [2025-03-04T03:21:13.499Z] Java(TM) SE Runtime Environment (build 17.0.12+8-LTS-286)
Java HotSpot(TM) 64-Bit Server VM (build 17.0.12+8-LTS-286, mixed mode, sharing)

[debug] [2025-03-04T03:21:13.513Z] Parsed Java major version: 17
[info] i  emulators: Starting emulators: functions, firestore, hosting, extensions {"metadata":{"emulator":{"name":"hub"},"message":"Starting emulators: functions, firestore, hosting, extensions"}}
[debug] [2025-03-04T03:21:13.515Z] Checked if tokens are valid: true, expires at: 1741061537210
[debug] [2025-03-04T03:21:13.515Z] Checked if tokens are valid: true, expires at: 1741061537210
[debug] [2025-03-04T03:21:13.516Z] >>> [apiv2][query] GET https://cloudresourcemanager.googleapis.com/v1/projects/speedy-c4155 [none]
[debug] [2025-03-04T03:21:13.707Z] <<< [apiv2][status] GET https://cloudresourcemanager.googleapis.com/v1/projects/speedy-c4155 200
[debug] [2025-03-04T03:21:13.707Z] <<< [apiv2][body] GET https://cloudresourcemanager.googleapis.com/v1/projects/speedy-c4155 {"projectNumber":"383330076272","projectId":"speedy-c4155","lifecycleState":"ACTIVE","name":"speedy","labels":{"firebase":"enabled","firebase-core":"disabled"},"createTime":"2025-01-15T01:58:02.330695Z"}
[debug] [2025-03-04T03:21:13.716Z] [logging] Logging Emulator only supports listening on one address (127.0.0.1). Not listening on ::1
[debug] [2025-03-04T03:21:13.716Z] [firestore] Firestore Emulator only supports listening on one address (127.0.0.1). Not listening on ::1
[debug] [2025-03-04T03:21:13.716Z] [firestore.websocket] websocket server for firestore only supports listening on one address (127.0.0.1). Not listening on ::1
[debug] [2025-03-04T03:21:13.716Z] [hosting] Hosting Emulator only supports listening on one address (127.0.0.1). Not listening on ::1
[debug] [2025-03-04T03:21:13.716Z] assigned listening specs for emulators {"user":{"hub":[{"address":"127.0.0.1","family":"IPv4","port":4400},{"address":"::1","family":"IPv6","port":4400}],"ui":[{"address":"127.0.0.1","family":"IPv4","port":4000},{"address":"::1","family":"IPv6","port":4000}],"logging":[{"address":"127.0.0.1","family":"IPv4","port":4500}],"firestore":[{"address":"127.0.0.1","family":"IPv4","port":8080}],"firestore.websocket":[{"address":"127.0.0.1","family":"IPv4","port":9150}],"hosting":[{"address":"127.0.0.1","family":"IPv4","port":5000}]},"metadata":{"message":"assigned listening specs for emulators"}}
[debug] [2025-03-04T03:21:13.721Z] [hub] writing locator at C:\Users\night\AppData\Local\Temp\hub-speedy-c4155.json
[debug] [2025-03-04T03:21:13.729Z] [Extensions] Started Extensions emulator, this is a noop.
[debug] [2025-03-04T03:21:13.732Z] [functions] Functions Emulator only supports listening on one address (127.0.0.1). Not listening on ::1
[debug] [2025-03-04T03:21:13.732Z] [eventarc] Eventarc Emulator only supports listening on one address (127.0.0.1). Not listening on ::1
[debug] [2025-03-04T03:21:13.732Z] [tasks] Cloud Tasks Emulator only supports listening on one address (127.0.0.1). Not listening on ::1
[debug] [2025-03-04T03:21:13.732Z] late-assigned ports for functions and eventarc emulators {"user":{"hub":[{"address":"127.0.0.1","family":"IPv4","port":4400},{"address":"::1","family":"IPv6","port":4400}],"ui":[{"address":"127.0.0.1","family":"IPv4","port":4000},{"address":"::1","family":"IPv6","port":4000}],"logging":[{"address":"127.0.0.1","family":"IPv4","port":4500}],"firestore":[{"address":"127.0.0.1","family":"IPv4","port":8080}],"firestore.websocket":[{"address":"127.0.0.1","family":"IPv4","port":9150}],"hosting":[{"address":"127.0.0.1","family":"IPv4","port":5000}],"functions":[{"address":"127.0.0.1","family":"IPv4","port":5001}],"eventarc":[{"address":"127.0.0.1","family":"IPv4","port":9299}],"tasks":[{"address":"127.0.0.1","family":"IPv4","port":9499}]},"metadata":{"message":"late-assigned ports for functions and eventarc emulators"}}
[warn] !  functions: The following emulators are not running, calls to these services from the Functions emulator will affect production: apphosting, auth, database, pubsub, storage, dataconnect {"metadata":{"emulator":{"name":"functions"},"message":"The following emulators are not running, calls to these services from the Functions emulator will affect production: \u001b[1mapphosting, auth, database, pubsub, storage, dataconnect\u001b[22m"}}
[debug] [2025-03-04T03:21:13.736Z] defaultcredentials: writing to file C:\Users\night\AppData\Roaming\firebase\sharjananstaniculas_gmail_com_application_default_credentials.json
[debug] [2025-03-04T03:21:13.738Z] Setting GAC to C:\Users\night\AppData\Roaming\firebase\sharjananstaniculas_gmail_com_application_default_credentials.json {"metadata":{"emulator":{"name":"functions"},"message":"Setting GAC to C:\\Users\\night\\AppData\\Roaming\\firebase\\sharjananstaniculas_gmail_com_application_default_credentials.json"}}
[debug] [2025-03-04T03:21:13.738Z] Checked if tokens are valid: true, expires at: 1741061537210
[debug] [2025-03-04T03:21:13.739Z] Checked if tokens are valid: true, expires at: 1741061537210
[debug] [2025-03-04T03:21:13.739Z] >>> [apiv2][query] GET https://firebase.googleapis.com/v1beta1/projects/speedy-c4155/adminSdkConfig [none]
[debug] [2025-03-04T03:21:14.133Z] <<< [apiv2][status] GET https://firebase.googleapis.com/v1beta1/projects/speedy-c4155/adminSdkConfig 200
[debug] [2025-03-04T03:21:14.134Z] <<< [apiv2][body] GET https://firebase.googleapis.com/v1beta1/projects/speedy-c4155/adminSdkConfig {"projectId":"speedy-c4155","storageBucket":"speedy-c4155.firebasestorage.app"}
[debug] [2025-03-04T03:21:14.148Z] Ignoring unsupported arg: auto_download {"metadata":{"emulator":{"name":"firestore"},"message":"Ignoring unsupported arg: auto_download"}}
[debug] [2025-03-04T03:21:14.148Z] Ignoring unsupported arg: single_project_mode_error {"metadata":{"emulator":{"name":"firestore"},"message":"Ignoring unsupported arg: single_project_mode_error"}}
[debug] [2025-03-04T03:21:14.148Z] Starting Firestore Emulator with command {"binary":"java","args":["-Dgoogle.cloud_firestore.debug_log_level=FINE","-Duser.language=en","-jar","C:\\Users\\night\\.cache\\firebase\\emulators\\cloud-firestore-emulator-v1.19.8.jar","--host","127.0.0.1","--port",8080,"--websocket_port",9150,"--project_id","speedy-c4155","--rules","C:\\Users\\night\\Documents\\GitHub\\speedy\\my-app\\firestore.rules","--single_project_mode",true,"--functions_emulator","127.0.0.1:5001"],"optionalArgs":["port","webchannel_port","host","rules","websocket_port","functions_emulator","seed_from_export","project_id","single_project_mode"],"joinArgs":false,"shell":false,"port":8080} {"metadata":{"emulator":{"name":"firestore"},"message":"Starting Firestore Emulator with command {\"binary\":\"java\",\"args\":[\"-Dgoogle.cloud_firestore.debug_log_level=FINE\",\"-Duser.language=en\",\"-jar\",\"C:\\\\Users\\\\night\\\\.cache\\\\firebase\\\\emulators\\\\cloud-firestore-emulator-v1.19.8.jar\",\"--host\",\"127.0.0.1\",\"--port\",8080,\"--websocket_port\",9150,\"--project_id\",\"speedy-c4155\",\"--rules\",\"C:\\\\Users\\\\night\\\\Documents\\\\GitHub\\\\speedy\\\\my-app\\\\firestore.rules\",\"--single_project_mode\",true,\"--functions_emulator\",\"127.0.0.1:5001\"],\"optionalArgs\":[\"port\",\"webchannel_port\",\"host\",\"rules\",\"websocket_port\",\"functions_emulator\",\"seed_from_export\",\"project_id\",\"single_project_mode\"],\"joinArgs\":false,\"shell\":false,\"port\":8080}"}}
[info] i  firestore: Firestore Emulator logging to firestore-debug.log {"metadata":{"emulator":{"name":"firestore"},"message":"Firestore Emulator logging to \u001b[1mfirestore-debug.log\u001b[22m"}}
[debug] [2025-03-04T03:21:15.010Z] Mar. 03, 2025 10:21:14 P.M. com.google.cloud.datastore.emulator.firestore.websocket.WebSocketServer start
INFO: Started WebSocket server on ws://127.0.0.1:9150
 {"metadata":{"emulator":{"name":"firestore"},"message":"Mar. 03, 2025 10:21:14 P.M. com.google.cloud.datastore.emulator.firestore.websocket.WebSocketServer start\r\nINFO: Started WebSocket server on ws://127.0.0.1:9150\r\n"}}
[debug] [2025-03-04T03:21:15.046Z] API endpoint: http://127.0.0.1:8080
If you are using a library that supports the FIRESTORE_EMULATOR_HOST environment variable, run:
 {"metadata":{"emulator":{"name":"firestore"},"message":"API endpoint: http://127.0.0.1:8080\nIf you are using a library that supports the FIRESTORE_EMULATOR_HOST environment variable, run:\r\n"}}
[debug] [2025-03-04T03:21:15.047Z] 
   export FIRESTORE_EMULATOR_HOST=127.0.0.1:8080

If you are running a Firestore in Datastore Mode project, run:

   export DATASTORE_EMULATOR_HOST=127.0.0.1:8080

Note: Support for Datastore Mode is in preview. If you encounter any bugs please file at https://github.com/firebase/firebase-tools/issues.
Dev App Server is now running.

 {"metadata":{"emulator":{"name":"firestore"},"message":"\n   export FIRESTORE_EMULATOR_HOST=127.0.0.1:8080\n\nIf you are running a Firestore in Datastore Mode project, run:\r\n\n   export DATASTORE_EMULATOR_HOST=127.0.0.1:8080\n\nNote: Support for Datastore Mode is in preview. If you encounter any bugs please file at https://github.com/firebase/firebase-tools/issues.\r\nDev App Server is now running.\n\r\n"}}
[info] +  firestore: Firestore Emulator UI websocket is running on 9150. {"metadata":{"emulator":{"name":"firestore"},"message":"Firestore Emulator UI websocket is running on 9150."}}
[debug] [2025-03-04T03:21:15.188Z] Checked if tokens are valid: true, expires at: 1741061537210
[debug] [2025-03-04T03:21:15.188Z] Checked if tokens are valid: true, expires at: 1741061537210
[debug] [2025-03-04T03:21:15.188Z] >>> [apiv2][query] GET https://firebasehosting.googleapis.com/v1beta1/projects/speedy-c4155/sites 
[debug] [2025-03-04T03:21:15.728Z] <<< [apiv2][status] GET https://firebasehosting.googleapis.com/v1beta1/projects/speedy-c4155/sites 200
[debug] [2025-03-04T03:21:15.728Z] <<< [apiv2][body] GET https://firebasehosting.googleapis.com/v1beta1/projects/speedy-c4155/sites {"sites":[{"name":"projects/speedy-c4155/sites/speedy-c4155","defaultUrl":"https://speedy-c4155.web.app","appId":"1:383330076272:web:bad2e99bdb91360e2b56b5","type":"DEFAULT_SITE"}]}
[debug] [2025-03-04T03:21:15.728Z] Checked if tokens are valid: true, expires at: 1741061537210
[debug] [2025-03-04T03:21:15.728Z] Checked if tokens are valid: true, expires at: 1741061537210
[debug] [2025-03-04T03:21:15.728Z] >>> [apiv2][query] GET https://firebase.googleapis.com/v1beta1/projects/speedy-c4155/webApps/1:383330076272:web:bad2e99bdb91360e2b56b5/config [none]
[debug] [2025-03-04T03:21:16.016Z] <<< [apiv2][status] GET https://firebase.googleapis.com/v1beta1/projects/speedy-c4155/webApps/1:383330076272:web:bad2e99bdb91360e2b56b5/config 200
[debug] [2025-03-04T03:21:16.016Z] <<< [apiv2][body] GET https://firebase.googleapis.com/v1beta1/projects/speedy-c4155/webApps/1:383330076272:web:bad2e99bdb91360e2b56b5/config {"projectId":"speedy-c4155","appId":"1:383330076272:web:bad2e99bdb91360e2b56b5","storageBucket":"speedy-c4155.firebasestorage.app","apiKey":"AIzaSyCWqD0zg_mpIfhZ6_zDcAljpn5-yc0A90k","authDomain":"speedy-c4155.firebaseapp.com","messagingSenderId":"383330076272","measurementId":"G-GTFGN3Q5CS"}
[debug] [2025-03-04T03:21:16.020Z] Checked if tokens are valid: true, expires at: 1741061537210
[debug] [2025-03-04T03:21:16.020Z] Checked if tokens are valid: true, expires at: 1741061537210
[debug] [2025-03-04T03:21:16.020Z] >>> [apiv2][query] GET https://firebase.googleapis.com/v1beta1/projects/speedy-c4155 [none]
[debug] [2025-03-04T03:21:16.395Z] <<< [apiv2][status] GET https://firebase.googleapis.com/v1beta1/projects/speedy-c4155 200
[debug] [2025-03-04T03:21:16.395Z] <<< [apiv2][body] GET https://firebase.googleapis.com/v1beta1/projects/speedy-c4155 {"projectId":"speedy-c4155","projectNumber":"383330076272","displayName":"speedy","name":"projects/speedy-c4155","resources":{"hostingSite":"speedy-c4155"},"state":"ACTIVE","etag":"1_69d5d048-8a6b-4e87-86ac-fcfdff2897f7"}
[info] i  hosting[speedy-c4155]: Serving hosting files from: public {"metadata":{"emulator":{"name":"hosting"},"message":"Serving hosting files from: \u001b[1mpublic\u001b[22m"}}
[info] +  hosting[speedy-c4155]: Local server: http://127.0.0.1:5000 {"metadata":{"emulator":{"name":"hosting"},"message":"Local server: \u001b[4m\u001b[1mhttp://127.0.0.1:5000\u001b[22m\u001b[24m"}}
[debug] [2025-03-04T03:21:16.410Z] [Extensions] Connecting Extensions emulator, this is a noop.
[info] i  functions: Watching "C:\Users\night\Documents\GitHub\speedy\my-app\functions" for Cloud Functions... {"metadata":{"emulator":{"name":"functions"},"message":"Watching \"C:\\Users\\night\\Documents\\GitHub\\speedy\\my-app\\functions\" for Cloud Functions..."}}
[debug] [2025-03-04T03:21:16.415Z] Validating nodejs source
[debug] [2025-03-04T03:21:17.420Z] > [functions] package.json contents: {
  "name": "functions",
  "description": "Cloud Functions for Firebase",
  "scripts": {
    "build": "tsc",
    "clean": "rm -rf lib",
    "serve": "npm run build && firebase emulators:start --only functions",
    "shell": "firebase functions:shell",
    "start": "npm run shell",
    "deploy": "npm run build && firebase deploy --only functions",
    "logs": "firebase functions:log"
  },
  "engines": {
    "node": "20"
  },
  "main": "lib/index.js",
  "dependencies": {
    "@react-email/components": "^0.0.33",
    "@react-email/html": "^0.0.11",
    "@react-email/render": "^1.0.5",
    "dotenv": "^16.4.7",
    "firebase-admin": "^12.6.0",
    "firebase-functions": "^6.0.1",
    "react": "^19.0.0",
    "react-dom": "^19.0.0"
  },
  "devDependencies": {
    "@types/node": "^22.13.9",
    "firebase-functions-test": "^3.1.0",
    "typescript": "^5.4.0"
  },
  "private": true
}
[debug] [2025-03-04T03:21:17.420Z] Building nodejs source
[debug] [2025-03-04T03:21:17.420Z] Failed to find version of module node: reached end of search path C:\Users\night\Documents\GitHub\speedy\my-app\functions\node_modules
[info] +  functions: Using node@20 from host. 
[info] i  functions: Loaded environment variables from .env. 
[debug] [2025-03-04T03:21:17.424Z] Could not find functions.yaml. Must use http discovery
[debug] [2025-03-04T03:21:17.427Z] Found firebase-functions binary at 'C:\Users\night\Documents\GitHub\speedy\my-app\functions\node_modules\.bin\firebase-functions'
[debug] [2025-03-04T03:21:17.460Z] Mar. 03, 2025 10:21:17 P.M. com.google.cloud.datastore.emulator.firestore.websocket.WebSocketChannelHandler initChannel
INFO: Connected to new websocket client
 {"metadata":{"emulator":{"name":"firestore"},"message":"Mar. 03, 2025 10:21:17 P.M. com.google.cloud.datastore.emulator.firestore.websocket.WebSocketChannelHandler initChannel\r\nINFO: Connected to new websocket client\r\n"}}
[debug] [2025-03-04T03:21:17.479Z] Mar. 03, 2025 10:21:17 P.M. io.gapi.emulators.netty.HttpVersionRoutingHandler channelRead
INFO: Detected non-HTTP/2 connection.
Mar. 03, 2025 10:21:17 P.M. io.gapi.emulators.netty.HttpVersionRoutingHandler channelRead
INFO: Detected non-HTTP/2 connection.
Mar. 03, 2025 10:21:17 P.M. io.gapi.emulators.netty.HttpVersionRoutingHandler channelRead
INFO: Detected non-HTTP/2 connection.
Mar. 03, 2025 10:21:17 P.M. io.gapi.emulators.netty.HttpVersionRoutingHandler channelRead
INFO: Detected non-HTTP/2 connection.
 {"metadata":{"emulator":{"name":"firestore"},"message":"Mar. 03, 2025 10:21:17 P.M. io.gapi.emulators.netty.HttpVersionRoutingHandler channelRead\r\nINFO: Detected non-HTTP/2 connection.\r\nMar. 03, 2025 10:21:17 P.M. io.gapi.emulators.netty.HttpVersionRoutingHandler channelRead\r\nINFO: Detected non-HTTP/2 connection.\r\nMar. 03, 2025 10:21:17 P.M. io.gapi.emulators.netty.HttpVersionRoutingHandler channelRead\r\nINFO: Detected non-HTTP/2 connection.\r\nMar. 03, 2025 10:21:17 P.M. io.gapi.emulators.netty.HttpVersionRoutingHandler channelRead\r\nINFO: Detected non-HTTP/2 connection.\r\n"}}
[debug] [2025-03-04T03:21:17.525Z] Mar. 03, 2025 10:21:17 P.M. com.google.cloud.datastore.emulator.firestore.websocket.WebSocketChannelHandler channelClosed
INFO: Websocket client disconnected
 {"metadata":{"emulator":{"name":"firestore"},"message":"Mar. 03, 2025 10:21:17 P.M. com.google.cloud.datastore.emulator.firestore.websocket.WebSocketChannelHandler channelClosed\r\nINFO: Websocket client disconnected\r\n"}}
[info] Serving at port 8309

[debug] [2025-03-04T03:21:18.176Z] Mar. 03, 2025 10:21:18 P.M. com.google.cloud.datastore.emulator.firestore.websocket.WebSocketChannelHandler initChannel
INFO: Connected to new websocket client
 {"metadata":{"emulator":{"name":"firestore"},"message":"Mar. 03, 2025 10:21:18 P.M. com.google.cloud.datastore.emulator.firestore.websocket.WebSocketChannelHandler initChannel\r\nINFO: Connected to new websocket client\r\n"}}
[debug] [2025-03-04T03:21:18.214Z] Mar. 03, 2025 10:21:18 P.M. io.gapi.emulators.netty.HttpVersionRoutingHandler channelRead
INFO: Detected non-HTTP/2 connection.
 {"metadata":{"emulator":{"name":"firestore"},"message":"Mar. 03, 2025 10:21:18 P.M. io.gapi.emulators.netty.HttpVersionRoutingHandler channelRead\r\nINFO: Detected non-HTTP/2 connection.\r\n"}}
[debug] [2025-03-04T03:21:18.325Z] Mar. 03, 2025 10:21:18 P.M. io.gapi.emulators.netty.HttpVersionRoutingHandler channelRead
INFO: Detected HTTP/2 connection.
 {"metadata":{"emulator":{"name":"firestore"},"message":"Mar. 03, 2025 10:21:18 P.M. io.gapi.emulators.netty.HttpVersionRoutingHandler channelRead\r\nINFO: Detected HTTP/2 connection.\r\n"}}
[info] ✅ Environment variables loaded successfully!

[debug] [2025-03-04T03:21:18.483Z] Got response from /__/functions.yaml {"endpoints":{"submit":{"availableMemoryMb":null,"timeoutSeconds":null,"minInstances":null,"maxInstances":null,"ingressSettings":null,"concurrency":null,"serviceAccountEmail":null,"vpc":null,"platform":"gcfv2","labels":{},"httpsTrigger":{},"entryPoint":"submit"},"sendEmail":{"availableMemoryMb":null,"timeoutSeconds":null,"minInstances":null,"maxInstances":null,"ingressSettings":null,"concurrency":null,"serviceAccountEmail":null,"vpc":null,"platform":"gcfv2","labels":{},"eventTrigger":{"eventType":"google.cloud.firestore.document.v1.created","eventFilters":{"database":"(default)","namespace":"(default)"},"eventFilterPathPatterns":{"document":"Appointments/{documentId}"},"retry":false},"entryPoint":"sendEmail"}},"specVersion":"v1alpha1","requiredAPIs":[],"extensions":{}}
[debug] [2025-03-04T03:21:18.807Z] Mar. 03, 2025 10:21:18 P.M. io.gapi.emulators.netty.HttpVersionRoutingHandler channelRead
INFO: Detected non-HTTP/2 connection.
 {"metadata":{"emulator":{"name":"firestore"},"message":"Mar. 03, 2025 10:21:18 P.M. io.gapi.emulators.netty.HttpVersionRoutingHandler channelRead\r\nINFO: Detected non-HTTP/2 connection.\r\n"}}
[debug] [2025-03-04T03:21:18.867Z] Mar. 03, 2025 10:21:18 P.M. io.gapi.emulators.netty.HttpVersionRoutingHandler channelRead
INFO: Detected non-HTTP/2 connection.
 {"metadata":{"emulator":{"name":"firestore"},"message":"Mar. 03, 2025 10:21:18 P.M. io.gapi.emulators.netty.HttpVersionRoutingHandler channelRead\r\nINFO: Detected non-HTTP/2 connection.\r\n"}}
[debug] [2025-03-04T03:21:23.528Z] defaultcredentials: writing to file C:\Users\night\AppData\Roaming\firebase\sharjananstaniculas_gmail_com_application_default_credentials.json
[debug] [2025-03-04T03:21:23.530Z] Setting GAC to C:\Users\night\AppData\Roaming\firebase\sharjananstaniculas_gmail_com_application_default_credentials.json {"metadata":{"emulator":{"name":"functions"},"message":"Setting GAC to C:\\Users\\night\\AppData\\Roaming\\firebase\\sharjananstaniculas_gmail_com_application_default_credentials.json"}}
[info] +  functions: Loaded functions definitions from source: submit, sendEmail. {"metadata":{"emulator":{"name":"functions"},"message":"Loaded functions definitions from source: submit, sendEmail."}}
[info] +  functions[us-central1-submit]: http function initialized (http://127.0.0.1:5001/speedy-c4155/us-central1/submit). {"metadata":{"emulator":{"name":"functions"},"message":"\u001b[1mhttp\u001b[22m function initialized (http://127.0.0.1:5001/speedy-c4155/us-central1/submit)."}}
[debug] [2025-03-04T03:21:23.535Z] Found a v2 firestore trigger.
[debug] [2025-03-04T03:21:23.535Z] addFirestoreTrigger "{\"eventType\":\"google.cloud.firestore.document.v1.created\",\"database\":\"(default)\",\"namespace\":\"(default)\",\"document\":{\"value\":\"Appointments/{documentId}\",\"matchType\":\"PATH_PATTERN\"}}"
[debug] [2025-03-04T03:21:23.535Z] >>> [apiv2][query] POST http://127.0.0.1:8080/emulator/v1/projects/speedy-c4155/eventarcTrigger?eventarcTriggerId=us-central1-sendEmail-0 [none]
[debug] [2025-03-04T03:21:23.535Z] >>> [apiv2][body] POST http://127.0.0.1:8080/emulator/v1/projects/speedy-c4155/eventarcTrigger?eventarcTriggerId=us-central1-sendEmail-0 "{\"eventType\":\"google.cloud.firestore.document.v1.created\",\"database\":\"(default)\",\"namespace\":\"(default)\",\"document\":{\"value\":\"Appointments/{documentId}\",\"matchType\":\"PATH_PATTERN\"}}"
[debug] [2025-03-04T03:21:23.539Z] Mar. 03, 2025 10:21:23 P.M. io.gapi.emulators.netty.HttpVersionRoutingHandler channelRead
INFO: Detected non-HTTP/2 connection.
 {"metadata":{"emulator":{"name":"firestore"},"message":"Mar. 03, 2025 10:21:23 P.M. io.gapi.emulators.netty.HttpVersionRoutingHandler channelRead\r\nINFO: Detected non-HTTP/2 connection.\r\n"}}
[debug] [2025-03-04T03:21:23.573Z] <<< [apiv2][status] POST http://127.0.0.1:8080/emulator/v1/projects/speedy-c4155/eventarcTrigger?eventarcTriggerId=us-central1-sendEmail-0 200
[debug] [2025-03-04T03:21:23.573Z] <<< [apiv2][body] POST http://127.0.0.1:8080/emulator/v1/projects/speedy-c4155/eventarcTrigger?eventarcTriggerId=us-central1-sendEmail-0 {"eventType":"google.cloud.firestore.document.v1.created","database":"(default)","namespace":"(default)","document":{"value":"Appointments/{documentId}","matchType":"PATH_PATTERN"}}
[info] +  functions[us-central1-sendEmail]: firestore function initialized. {"metadata":{"emulator":{"name":"functions"},"message":"\u001b[1mfirestore\u001b[22m function initialized."}}
[debug] [2025-03-04T03:21:23.578Z] Could not find VSCode notification endpoint: FetchError: request to http://localhost:40001/vscode/notify failed, reason: . If you are not running the Firebase Data Connect VSCode extension, this is expected and not an issue.
[info] 
┌─────────────────────────────────────────────────────────────┐
│ ✔  All emulators ready! It is now safe to connect your app. │
│ i  View Emulator UI at http://127.0.0.1:4000/               │
└─────────────────────────────────────────────────────────────┘

┌────────────┬────────────────┬──────────────────────────────────┐
│ Emulator   │ Host:Port      │ View in Emulator UI              │
├────────────┼────────────────┼──────────────────────────────────┤
│ Functions  │ 127.0.0.1:5001 │ http://127.0.0.1:4000/functions  │
├────────────┼────────────────┼──────────────────────────────────┤
│ Firestore  │ 127.0.0.1:8080 │ http://127.0.0.1:4000/firestore  │
├────────────┼────────────────┼──────────────────────────────────┤
│ Hosting    │ 127.0.0.1:5000 │ n/a                              │
├────────────┼────────────────┼──────────────────────────────────┤
│ Extensions │ 127.0.0.1:5001 │ http://127.0.0.1:4000/extensions │
└────────────┴────────────────┴──────────────────────────────────┘
  Emulator Hub running at 127.0.0.1:4400
  Other reserved ports: 4500, 9150
┌─────────────────────────┬───────────────┬─────────────────────┐
│ Extension Instance Name │ Extension Ref │ View in Emulator UI │
└─────────────────────────┴───────────────┴─────────────────────┘
Issues? Report them at https://github.com/firebase/firebase-tools/issues and attach the *-debug.log files.
 
[debug] [2025-03-04T03:21:23.855Z] Mar. 03, 2025 10:21:23 P.M. com.google.cloud.datastore.emulator.firestore.websocket.WebSocketChannelHandler initChannel
INFO: Connected to new websocket client
 {"metadata":{"emulator":{"name":"firestore"},"message":"Mar. 03, 2025 10:21:23 P.M. com.google.cloud.datastore.emulator.firestore.websocket.WebSocketChannelHandler initChannel\r\nINFO: Connected to new websocket client\r\n"}}
[debug] [2025-03-04T03:21:23.857Z] Mar. 03, 2025 10:21:23 P.M. com.google.cloud.datastore.emulator.firestore.websocket.WebSocketChannelHandler channelClosed
INFO: Websocket client disconnected
 {"metadata":{"emulator":{"name":"firestore"},"message":"Mar. 03, 2025 10:21:23 P.M. com.google.cloud.datastore.emulator.firestore.websocket.WebSocketChannelHandler channelClosed\r\nINFO: Websocket client disconnected\r\n"}}
[debug] [2025-03-04T03:21:23.858Z] Mar. 03, 2025 10:21:23 P.M. io.gapi.emulators.netty.HttpVersionRoutingHandler channelRead
INFO: Detected non-HTTP/2 connection.
 {"metadata":{"emulator":{"name":"firestore"},"message":"Mar. 03, 2025 10:21:23 P.M. io.gapi.emulators.netty.HttpVersionRoutingHandler channelRead\r\nINFO: Detected non-HTTP/2 connection.\r\n"}}
[debug] [2025-03-04T03:21:23.867Z] Mar. 03, 2025 10:21:23 P.M. com.google.cloud.datastore.emulator.firestore.webchannel.FirestoreV1WebChannelAdapter$FirestoreListenHandler onClose
INFO: channel closed
 {"metadata":{"emulator":{"name":"firestore"},"message":"Mar. 03, 2025 10:21:23 P.M. com.google.cloud.datastore.emulator.firestore.webchannel.FirestoreV1WebChannelAdapter$FirestoreListenHandler onClose\r\nINFO: channel closed\r\n"}}
[debug] [2025-03-04T03:21:23.877Z] Mar. 03, 2025 10:21:23 P.M. io.gapi.emulators.netty.HttpVersionRoutingHandler channelRead
INFO: Detected non-HTTP/2 connection.
 {"metadata":{"emulator":{"name":"firestore"},"message":"Mar. 03, 2025 10:21:23 P.M. io.gapi.emulators.netty.HttpVersionRoutingHandler channelRead\r\nINFO: Detected non-HTTP/2 connection.\r\n"}}
[debug] [2025-03-04T03:21:23.891Z] Mar. 03, 2025 10:21:23 P.M. io.gapi.emulators.netty.HttpVersionRoutingHandler channelRead
INFO: Detected non-HTTP/2 connection.
 {"metadata":{"emulator":{"name":"firestore"},"message":"Mar. 03, 2025 10:21:23 P.M. io.gapi.emulators.netty.HttpVersionRoutingHandler channelRead\r\nINFO: Detected non-HTTP/2 connection.\r\n"}}
[debug] [2025-03-04T03:21:23.903Z] Mar. 03, 2025 10:21:23 P.M. io.gapi.emulators.netty.HttpVersionRoutingHandler channelRead
INFO: Detected non-HTTP/2 connection.
 {"metadata":{"emulator":{"name":"firestore"},"message":"Mar. 03, 2025 10:21:23 P.M. io.gapi.emulators.netty.HttpVersionRoutingHandler channelRead\r\nINFO: Detected non-HTTP/2 connection.\r\n"}}
[debug] [2025-03-04T03:22:23.925Z] Mar. 03, 2025 10:22:23 P.M. io.gapi.emulators.netty.HttpVersionRoutingHandler channelRead
INFO: Detected non-HTTP/2 connection.
 {"metadata":{"emulator":{"name":"firestore"},"message":"Mar. 03, 2025 10:22:23 P.M. io.gapi.emulators.netty.HttpVersionRoutingHandler channelRead\r\nINFO: Detected non-HTTP/2 connection.\r\n"}}
[debug] [2025-03-04T03:22:42.757Z] [work-queue] {"queuedWork":["/speedy-c4155/us-central1/submit-2025-03-04T03:22:42.757Z"],"queueLength":1,"runningWork":[],"workRunningCount":0}
[debug] [2025-03-04T03:22:42.758Z] [work-queue] {"queuedWork":[],"queueLength":0,"runningWork":["/speedy-c4155/us-central1/submit-2025-03-04T03:22:42.757Z"],"workRunningCount":1}
[debug] [2025-03-04T03:22:42.759Z] Accepted request OPTIONS /speedy-c4155/us-central1/submit --> us-central1-submit
[debug] [2025-03-04T03:22:42.761Z] [functions] Runtime ready! Sending request! {"metadata":{"emulator":{"name":"functions"},"message":"[functions] Runtime ready! Sending request!"}}
[debug] [2025-03-04T03:22:42.761Z] [functions] Got req.url=/speedy-c4155/us-central1/submit, mapping to path=/ {"metadata":{"emulator":{"name":"functions"},"message":"[functions] Got req.url=/speedy-c4155/us-central1/submit, mapping to path=/"}}
[info] i  functions: Loaded environment variables from .env. 
[debug] [2025-03-04T03:22:42.775Z] [worker-pool] addWorker(us-central1-submit) {"metadata":{"emulator":{"name":"functions"},"message":"[worker-pool] addWorker(us-central1-submit)"}}
[debug] [2025-03-04T03:22:42.776Z] [worker-pool] Adding worker with key us-central1-submit, total=1 {"metadata":{"emulator":{"name":"functions"},"message":"[worker-pool] Adding worker with key us-central1-submit, total=1"}}
[debug] [2025-03-04T03:22:43.630Z] [runtime-status] [14820] Resolved module firebase-admin {"declared":true,"installed":true,"version":"12.7.0","resolution":"C:\\Users\\night\\Documents\\GitHub\\speedy\\my-app\\functions\\node_modules\\firebase-admin\\lib\\index.js"} {"metadata":{"emulator":{"name":"functions"},"function":{"name":"us-central1-submit"},"extension":{},"message":"[runtime-status] [14820] Resolved module firebase-admin {\"declared\":true,\"installed\":true,\"version\":\"12.7.0\",\"resolution\":\"C:\\\\Users\\\\night\\\\Documents\\\\GitHub\\\\speedy\\\\my-app\\\\functions\\\\node_modules\\\\firebase-admin\\\\lib\\\\index.js\"}"}}
[debug] [2025-03-04T03:22:43.631Z] [runtime-status] [14820] Resolved module firebase-functions {"declared":true,"installed":true,"version":"6.3.2","resolution":"C:\\Users\\night\\Documents\\GitHub\\speedy\\my-app\\functions\\node_modules\\firebase-functions\\lib\\v2\\index.js"} {"metadata":{"emulator":{"name":"functions"},"function":{"name":"us-central1-submit"},"extension":{},"message":"[runtime-status] [14820] Resolved module firebase-functions {\"declared\":true,\"installed\":true,\"version\":\"6.3.2\",\"resolution\":\"C:\\\\Users\\\\night\\\\Documents\\\\GitHub\\\\speedy\\\\my-app\\\\functions\\\\node_modules\\\\firebase-functions\\\\lib\\\\v2\\\\index.js\"}"}}
[debug] [2025-03-04T03:22:43.631Z] [runtime-status] [14820] Outgoing network have been stubbed. [{"name":"http","status":"mocked"},{"name":"http","status":"mocked"},{"name":"https","status":"mocked"},{"name":"https","status":"mocked"},{"name":"net","status":"mocked"}] {"metadata":{"emulator":{"name":"functions"},"function":{"name":"us-central1-submit"},"extension":{},"message":"[runtime-status] [14820] Outgoing network have been stubbed. [{\"name\":\"http\",\"status\":\"mocked\"},{\"name\":\"http\",\"status\":\"mocked\"},{\"name\":\"https\",\"status\":\"mocked\"},{\"name\":\"https\",\"status\":\"mocked\"},{\"name\":\"net\",\"status\":\"mocked\"}]"}}
[debug] [2025-03-04T03:22:43.631Z] [runtime-status] [14820] Resolved module firebase-functions {"declared":true,"installed":true,"version":"6.3.2","resolution":"C:\\Users\\night\\Documents\\GitHub\\speedy\\my-app\\functions\\node_modules\\firebase-functions\\lib\\v2\\index.js"} {"metadata":{"emulator":{"name":"functions"},"function":{"name":"us-central1-submit"},"extension":{},"message":"[runtime-status] [14820] Resolved module firebase-functions {\"declared\":true,\"installed\":true,\"version\":\"6.3.2\",\"resolution\":\"C:\\\\Users\\\\night\\\\Documents\\\\GitHub\\\\speedy\\\\my-app\\\\functions\\\\node_modules\\\\firebase-functions\\\\lib\\\\v2\\\\index.js\"}"}}
[debug] [2025-03-04T03:22:43.811Z] [runtime-status] [14820] Checked functions.config() {"config":{}} {"metadata":{"emulator":{"name":"functions"},"function":{"name":"us-central1-submit"},"extension":{},"message":"[runtime-status] [14820] Checked functions.config() {\"config\":{}}"}}
[debug] [2025-03-04T03:22:43.811Z] [runtime-status] [14820] firebase-functions has been stubbed. {"functionsResolution":{"declared":true,"installed":true,"version":"6.3.2","resolution":"C:\\Users\\night\\Documents\\GitHub\\speedy\\my-app\\functions\\node_modules\\firebase-functions\\lib\\v2\\index.js"}} {"metadata":{"emulator":{"name":"functions"},"function":{"name":"us-central1-submit"},"extension":{},"message":"[runtime-status] [14820] firebase-functions has been stubbed. {\"functionsResolution\":{\"declared\":true,\"installed\":true,\"version\":\"6.3.2\",\"resolution\":\"C:\\\\Users\\\\night\\\\Documents\\\\GitHub\\\\speedy\\\\my-app\\\\functions\\\\node_modules\\\\firebase-functions\\\\lib\\\\v2\\\\index.js\"}}"}}
[debug] [2025-03-04T03:22:43.812Z] [runtime-status] [14820] Resolved module firebase-functions {"declared":true,"installed":true,"version":"6.3.2","resolution":"C:\\Users\\night\\Documents\\GitHub\\speedy\\my-app\\functions\\node_modules\\firebase-functions\\lib\\v2\\index.js"} {"metadata":{"emulator":{"name":"functions"},"function":{"name":"us-central1-submit"},"extension":{},"message":"[runtime-status] [14820] Resolved module firebase-functions {\"declared\":true,\"installed\":true,\"version\":\"6.3.2\",\"resolution\":\"C:\\\\Users\\\\night\\\\Documents\\\\GitHub\\\\speedy\\\\my-app\\\\functions\\\\node_modules\\\\firebase-functions\\\\lib\\\\v2\\\\index.js\"}"}}
[debug] [2025-03-04T03:22:43.815Z] [runtime-status] [14820] Resolved module firebase-admin {"declared":true,"installed":true,"version":"12.7.0","resolution":"C:\\Users\\night\\Documents\\GitHub\\speedy\\my-app\\functions\\node_modules\\firebase-admin\\lib\\index.js"} {"metadata":{"emulator":{"name":"functions"},"function":{"name":"us-central1-submit"},"extension":{},"message":"[runtime-status] [14820] Resolved module firebase-admin {\"declared\":true,\"installed\":true,\"version\":\"12.7.0\",\"resolution\":\"C:\\\\Users\\\\night\\\\Documents\\\\GitHub\\\\speedy\\\\my-app\\\\functions\\\\node_modules\\\\firebase-admin\\\\lib\\\\index.js\"}"}}
[debug] [2025-03-04T03:22:43.816Z] [runtime-status] [14820] Resolved module firebase-functions {"declared":true,"installed":true,"version":"6.3.2","resolution":"C:\\Users\\night\\Documents\\GitHub\\speedy\\my-app\\functions\\node_modules\\firebase-functions\\lib\\v2\\index.js"} {"metadata":{"emulator":{"name":"functions"},"function":{"name":"us-central1-submit"},"extension":{},"message":"[runtime-status] [14820] Resolved module firebase-functions {\"declared\":true,\"installed\":true,\"version\":\"6.3.2\",\"resolution\":\"C:\\\\Users\\\\night\\\\Documents\\\\GitHub\\\\speedy\\\\my-app\\\\functions\\\\node_modules\\\\firebase-functions\\\\lib\\\\v2\\\\index.js\"}"}}
[debug] [2025-03-04T03:22:43.817Z] [runtime-status] [14820] firebase-admin has been stubbed. {"adminResolution":{"declared":true,"installed":true,"version":"12.7.0","resolution":"C:\\Users\\night\\Documents\\GitHub\\speedy\\my-app\\functions\\node_modules\\firebase-admin\\lib\\index.js"}} {"metadata":{"emulator":{"name":"functions"},"function":{"name":"us-central1-submit"},"extension":{},"message":"[runtime-status] [14820] firebase-admin has been stubbed. {\"adminResolution\":{\"declared\":true,\"installed\":true,\"version\":\"12.7.0\",\"resolution\":\"C:\\\\Users\\\\night\\\\Documents\\\\GitHub\\\\speedy\\\\my-app\\\\functions\\\\node_modules\\\\firebase-admin\\\\lib\\\\index.js\"}}"}}
[info] >  ✅ Environment variables loaded successfully! {"user":"✅ Environment variables loaded successfully!","metadata":{"emulator":{"name":"functions"},"function":{"name":"us-central1-submit"},"extension":{},"message":"\u001b[90m> \u001b[39m ✅ Environment variables loaded successfully!"}}
[debug] [2025-03-04T03:22:44.146Z] [runtime-status] [14820] Functions runtime initialized. {"cwd":"C:\\Users\\night\\Documents\\GitHub\\speedy\\my-app\\functions","node_version":"20.8.0"} {"metadata":{"emulator":{"name":"functions"},"function":{"name":"us-central1-submit"},"extension":{},"message":"[runtime-status] [14820] Functions runtime initialized. {\"cwd\":\"C:\\\\Users\\\\night\\\\Documents\\\\GitHub\\\\speedy\\\\my-app\\\\functions\",\"node_version\":\"20.8.0\"}"}}
[debug] [2025-03-04T03:22:44.147Z] [runtime-status] [14820] Listening to port: \\?\pipe\fire_emu_a2dfab4c9f7c9fe8 {"metadata":{"emulator":{"name":"functions"},"function":{"name":"us-central1-submit"},"extension":{},"message":"[runtime-status] [14820] Listening to port: \\\\?\\pipe\\fire_emu_a2dfab4c9f7c9fe8"}}
[debug] [2025-03-04T03:22:44.210Z] [worker-us-central1-submit-c2f0a4e7-6984-49c9-8940-192e113bc317]: IDLE {"metadata":{"emulator":{"name":"functions"},"function":{"name":"us-central1-submit"},"extension":{},"message":"[worker-us-central1-submit-c2f0a4e7-6984-49c9-8940-192e113bc317]: IDLE"}}
[debug] [2025-03-04T03:22:44.210Z] [worker-pool] submitRequest(triggerId=us-central1-submit) {"metadata":{"emulator":{"name":"functions"},"message":"[worker-pool] submitRequest(triggerId=us-central1-submit)"}}
[info] i  functions: Beginning execution of "us-central1-submit" {"metadata":{"emulator":{"name":"functions"},"function":{"name":"us-central1-submit"},"extension":{},"message":"Beginning execution of \"us-central1-submit\""}}
[debug] [2025-03-04T03:22:44.212Z] [worker-us-central1-submit-c2f0a4e7-6984-49c9-8940-192e113bc317]: BUSY {"metadata":{"emulator":{"name":"functions"},"function":{"name":"us-central1-submit"},"extension":{},"message":"[worker-us-central1-submit-c2f0a4e7-6984-49c9-8940-192e113bc317]: BUSY"}}
[debug] [2025-03-04T03:22:44.217Z] Finishing up request with event=pause {"metadata":{"emulator":{"name":"functions"},"function":{"name":"us-central1-submit"},"extension":{},"message":"Finishing up request with event=pause"}}
[info] i  functions: Finished "us-central1-submit" in 5.9649ms {"metadata":{"emulator":{"name":"functions"},"function":{"name":"us-central1-submit"},"extension":{},"message":"Finished \"us-central1-submit\" in 5.9649ms"}}
[debug] [2025-03-04T03:22:44.219Z] [worker-us-central1-submit-c2f0a4e7-6984-49c9-8940-192e113bc317]: IDLE {"metadata":{"emulator":{"name":"functions"},"function":{"name":"us-central1-submit"},"extension":{},"message":"[worker-us-central1-submit-c2f0a4e7-6984-49c9-8940-192e113bc317]: IDLE"}}
[debug] [2025-03-04T03:22:44.219Z] Finishing up request with event=finish {"metadata":{"emulator":{"name":"functions"},"function":{"name":"us-central1-submit"},"extension":{},"message":"Finishing up request with event=finish"}}
[debug] [2025-03-04T03:22:44.220Z] Finishing up request with event=close {"metadata":{"emulator":{"name":"functions"},"function":{"name":"us-central1-submit"},"extension":{},"message":"Finishing up request with event=close"}}
[debug] [2025-03-04T03:22:44.220Z] [work-queue] {"queuedWork":[],"queueLength":0,"runningWork":[],"workRunningCount":0}
[debug] [2025-03-04T03:22:44.220Z] [work-queue] {"queuedWork":["/speedy-c4155/us-central1/submit-2025-03-04T03:22:44.220Z"],"queueLength":1,"runningWork":[],"workRunningCount":0}
[debug] [2025-03-04T03:22:44.221Z] [work-queue] {"queuedWork":[],"queueLength":0,"runningWork":["/speedy-c4155/us-central1/submit-2025-03-04T03:22:44.220Z"],"workRunningCount":1}
[debug] [2025-03-04T03:22:44.221Z] Accepted request POST /speedy-c4155/us-central1/submit --> us-central1-submit
[debug] [2025-03-04T03:22:44.221Z] [functions] Runtime ready! Sending request! {"metadata":{"emulator":{"name":"functions"},"message":"[functions] Runtime ready! Sending request!"}}
[debug] [2025-03-04T03:22:44.221Z] [functions] Got req.url=/speedy-c4155/us-central1/submit, mapping to path=/ {"metadata":{"emulator":{"name":"functions"},"message":"[functions] Got req.url=/speedy-c4155/us-central1/submit, mapping to path=/"}}
[debug] [2025-03-04T03:22:44.222Z] [worker-pool] submitRequest(triggerId=us-central1-submit) {"metadata":{"emulator":{"name":"functions"},"message":"[worker-pool] submitRequest(triggerId=us-central1-submit)"}}
[info] i  functions: Beginning execution of "us-central1-submit" {"metadata":{"emulator":{"name":"functions"},"function":{"name":"us-central1-submit"},"extension":{},"message":"Beginning execution of \"us-central1-submit\""}}
[debug] [2025-03-04T03:22:44.222Z] [worker-us-central1-submit-c2f0a4e7-6984-49c9-8940-192e113bc317]: BUSY {"metadata":{"emulator":{"name":"functions"},"function":{"name":"us-central1-submit"},"extension":{},"message":"[worker-us-central1-submit-c2f0a4e7-6984-49c9-8940-192e113bc317]: BUSY"}}
[debug] [2025-03-04T03:22:44.483Z] Mar. 03, 2025 10:22:44 P.M. io.gapi.emulators.netty.HttpVersionRoutingHandler channelRead
INFO: Detected HTTP/2 connection.
 {"metadata":{"emulator":{"name":"firestore"},"message":"Mar. 03, 2025 10:22:44 P.M. io.gapi.emulators.netty.HttpVersionRoutingHandler channelRead\r\nINFO: Detected HTTP/2 connection.\r\n"}}
[debug] [2025-03-04T03:22:44.599Z] Finishing up request with event=pause {"metadata":{"emulator":{"name":"functions"},"function":{"name":"us-central1-submit"},"extension":{},"message":"Finishing up request with event=pause"}}
[info] i  functions: Finished "us-central1-submit" in 377.2368ms {"metadata":{"emulator":{"name":"functions"},"function":{"name":"us-central1-submit"},"extension":{},"message":"Finished \"us-central1-submit\" in 377.2368ms"}}
[debug] [2025-03-04T03:22:44.601Z] [worker-us-central1-submit-c2f0a4e7-6984-49c9-8940-192e113bc317]: IDLE {"metadata":{"emulator":{"name":"functions"},"function":{"name":"us-central1-submit"},"extension":{},"message":"[worker-us-central1-submit-c2f0a4e7-6984-49c9-8940-192e113bc317]: IDLE"}}
[debug] [2025-03-04T03:22:44.601Z] Finishing up request with event=finish {"metadata":{"emulator":{"name":"functions"},"function":{"name":"us-central1-submit"},"extension":{},"message":"Finishing up request with event=finish"}}
[debug] [2025-03-04T03:22:44.601Z] Finishing up request with event=close {"metadata":{"emulator":{"name":"functions"},"function":{"name":"us-central1-submit"},"extension":{},"message":"Finishing up request with event=close"}}
[debug] [2025-03-04T03:22:44.601Z] [work-queue] {"queuedWork":[],"queueLength":0,"runningWork":[],"workRunningCount":0}
[debug] [2025-03-04T03:22:44.619Z] [work-queue] {"queuedWork":["/functions/projects/speedy-c4155/triggers/us-central1-sendEmail-0-2025-03-04T03:22:44.619Z"],"queueLength":1,"runningWork":[],"workRunningCount":0}
[debug] [2025-03-04T03:22:44.619Z] [work-queue] {"queuedWork":[],"queueLength":0,"runningWork":["/functions/projects/speedy-c4155/triggers/us-central1-sendEmail-0-2025-03-04T03:22:44.619Z"],"workRunningCount":1}
[debug] [2025-03-04T03:22:44.620Z] Accepted request POST /functions/projects/speedy-c4155/triggers/us-central1-sendEmail-0 --> us-central1-sendEmail-0
[debug] [2025-03-04T03:22:44.622Z] [functions] Runtime ready! Sending request! {"metadata":{"emulator":{"name":"functions"},"message":"[functions] Runtime ready! Sending request!"}}
[debug] [2025-03-04T03:22:44.623Z] [functions] Got req.url=/functions/projects/speedy-c4155/triggers/us-central1-sendEmail-0, mapping to path=/functions/projects/ {"metadata":{"emulator":{"name":"functions"},"message":"[functions] Got req.url=/functions/projects/speedy-c4155/triggers/us-central1-sendEmail-0, mapping to path=/functions/projects/"}}
[info] i  functions: Loaded environment variables from .env. 
[debug] [2025-03-04T03:22:44.636Z] [worker-pool] addWorker(us-central1-sendEmail) {"metadata":{"emulator":{"name":"functions"},"message":"[worker-pool] addWorker(us-central1-sendEmail)"}}
[debug] [2025-03-04T03:22:44.637Z] [worker-pool] Adding worker with key us-central1-sendEmail, total=1 {"metadata":{"emulator":{"name":"functions"},"message":"[worker-pool] Adding worker with key us-central1-sendEmail, total=1"}}
[debug] [2025-03-04T03:22:45.514Z] [runtime-status] [15556] Resolved module firebase-admin {"declared":true,"installed":true,"version":"12.7.0","resolution":"C:\\Users\\night\\Documents\\GitHub\\speedy\\my-app\\functions\\node_modules\\firebase-admin\\lib\\index.js"} {"metadata":{"emulator":{"name":"functions"},"function":{"name":"us-central1-sendEmail"},"extension":{},"message":"[runtime-status] [15556] Resolved module firebase-admin {\"declared\":true,\"installed\":true,\"version\":\"12.7.0\",\"resolution\":\"C:\\\\Users\\\\night\\\\Documents\\\\GitHub\\\\speedy\\\\my-app\\\\functions\\\\node_modules\\\\firebase-admin\\\\lib\\\\index.js\"}"}}
[debug] [2025-03-04T03:22:45.515Z] [runtime-status] [15556] Resolved module firebase-functions {"declared":true,"installed":true,"version":"6.3.2","resolution":"C:\\Users\\night\\Documents\\GitHub\\speedy\\my-app\\functions\\node_modules\\firebase-functions\\lib\\v2\\index.js"} {"metadata":{"emulator":{"name":"functions"},"function":{"name":"us-central1-sendEmail"},"extension":{},"message":"[runtime-status] [15556] Resolved module firebase-functions {\"declared\":true,\"installed\":true,\"version\":\"6.3.2\",\"resolution\":\"C:\\\\Users\\\\night\\\\Documents\\\\GitHub\\\\speedy\\\\my-app\\\\functions\\\\node_modules\\\\firebase-functions\\\\lib\\\\v2\\\\index.js\"}"}}
[debug] [2025-03-04T03:22:45.515Z] [runtime-status] [15556] Outgoing network have been stubbed. [{"name":"http","status":"mocked"},{"name":"http","status":"mocked"},{"name":"https","status":"mocked"},{"name":"https","status":"mocked"},{"name":"net","status":"mocked"}] {"metadata":{"emulator":{"name":"functions"},"function":{"name":"us-central1-sendEmail"},"extension":{},"message":"[runtime-status] [15556] Outgoing network have been stubbed. [{\"name\":\"http\",\"status\":\"mocked\"},{\"name\":\"http\",\"status\":\"mocked\"},{\"name\":\"https\",\"status\":\"mocked\"},{\"name\":\"https\",\"status\":\"mocked\"},{\"name\":\"net\",\"status\":\"mocked\"}]"}}
[debug] [2025-03-04T03:22:45.516Z] [runtime-status] [15556] Resolved module firebase-functions {"declared":true,"installed":true,"version":"6.3.2","resolution":"C:\\Users\\night\\Documents\\GitHub\\speedy\\my-app\\functions\\node_modules\\firebase-functions\\lib\\v2\\index.js"} {"metadata":{"emulator":{"name":"functions"},"function":{"name":"us-central1-sendEmail"},"extension":{},"message":"[runtime-status] [15556] Resolved module firebase-functions {\"declared\":true,\"installed\":true,\"version\":\"6.3.2\",\"resolution\":\"C:\\\\Users\\\\night\\\\Documents\\\\GitHub\\\\speedy\\\\my-app\\\\functions\\\\node_modules\\\\firebase-functions\\\\lib\\\\v2\\\\index.js\"}"}}
[debug] [2025-03-04T03:22:45.696Z] [runtime-status] [15556] Checked functions.config() {"config":{}} {"metadata":{"emulator":{"name":"functions"},"function":{"name":"us-central1-sendEmail"},"extension":{},"message":"[runtime-status] [15556] Checked functions.config() {\"config\":{}}"}}
[debug] [2025-03-04T03:22:45.697Z] [runtime-status] [15556] firebase-functions has been stubbed. {"functionsResolution":{"declared":true,"installed":true,"version":"6.3.2","resolution":"C:\\Users\\night\\Documents\\GitHub\\speedy\\my-app\\functions\\node_modules\\firebase-functions\\lib\\v2\\index.js"}} {"metadata":{"emulator":{"name":"functions"},"function":{"name":"us-central1-sendEmail"},"extension":{},"message":"[runtime-status] [15556] firebase-functions has been stubbed. {\"functionsResolution\":{\"declared\":true,\"installed\":true,\"version\":\"6.3.2\",\"resolution\":\"C:\\\\Users\\\\night\\\\Documents\\\\GitHub\\\\speedy\\\\my-app\\\\functions\\\\node_modules\\\\firebase-functions\\\\lib\\\\v2\\\\index.js\"}}"}}
[debug] [2025-03-04T03:22:45.697Z] [runtime-status] [15556] Resolved module firebase-functions {"declared":true,"installed":true,"version":"6.3.2","resolution":"C:\\Users\\night\\Documents\\GitHub\\speedy\\my-app\\functions\\node_modules\\firebase-functions\\lib\\v2\\index.js"} {"metadata":{"emulator":{"name":"functions"},"function":{"name":"us-central1-sendEmail"},"extension":{},"message":"[runtime-status] [15556] Resolved module firebase-functions {\"declared\":true,\"installed\":true,\"version\":\"6.3.2\",\"resolution\":\"C:\\\\Users\\\\night\\\\Documents\\\\GitHub\\\\speedy\\\\my-app\\\\functions\\\\node_modules\\\\firebase-functions\\\\lib\\\\v2\\\\index.js\"}"}}
[debug] [2025-03-04T03:22:45.699Z] [runtime-status] [15556] Resolved module firebase-admin {"declared":true,"installed":true,"version":"12.7.0","resolution":"C:\\Users\\night\\Documents\\GitHub\\speedy\\my-app\\functions\\node_modules\\firebase-admin\\lib\\index.js"} {"metadata":{"emulator":{"name":"functions"},"function":{"name":"us-central1-sendEmail"},"extension":{},"message":"[runtime-status] [15556] Resolved module firebase-admin {\"declared\":true,\"installed\":true,\"version\":\"12.7.0\",\"resolution\":\"C:\\\\Users\\\\night\\\\Documents\\\\GitHub\\\\speedy\\\\my-app\\\\functions\\\\node_modules\\\\firebase-admin\\\\lib\\\\index.js\"}"}}
[debug] [2025-03-04T03:22:45.701Z] [runtime-status] [15556] Resolved module firebase-functions {"declared":true,"installed":true,"version":"6.3.2","resolution":"C:\\Users\\night\\Documents\\GitHub\\speedy\\my-app\\functions\\node_modules\\firebase-functions\\lib\\v2\\index.js"} {"metadata":{"emulator":{"name":"functions"},"function":{"name":"us-central1-sendEmail"},"extension":{},"message":"[runtime-status] [15556] Resolved module firebase-functions {\"declared\":true,\"installed\":true,\"version\":\"6.3.2\",\"resolution\":\"C:\\\\Users\\\\night\\\\Documents\\\\GitHub\\\\speedy\\\\my-app\\\\functions\\\\node_modules\\\\firebase-functions\\\\lib\\\\v2\\\\index.js\"}"}}
[debug] [2025-03-04T03:22:45.701Z] [runtime-status] [15556] firebase-admin has been stubbed. {"adminResolution":{"declared":true,"installed":true,"version":"12.7.0","resolution":"C:\\Users\\night\\Documents\\GitHub\\speedy\\my-app\\functions\\node_modules\\firebase-admin\\lib\\index.js"}} {"metadata":{"emulator":{"name":"functions"},"function":{"name":"us-central1-sendEmail"},"extension":{},"message":"[runtime-status] [15556] firebase-admin has been stubbed. {\"adminResolution\":{\"declared\":true,\"installed\":true,\"version\":\"12.7.0\",\"resolution\":\"C:\\\\Users\\\\night\\\\Documents\\\\GitHub\\\\speedy\\\\my-app\\\\functions\\\\node_modules\\\\firebase-admin\\\\lib\\\\index.js\"}}"}}
[info] >  ✅ Environment variables loaded successfully! {"user":"✅ Environment variables loaded successfully!","metadata":{"emulator":{"name":"functions"},"function":{"name":"us-central1-sendEmail"},"extension":{},"message":"\u001b[90m> \u001b[39m ✅ Environment variables loaded successfully!"}}
[debug] [2025-03-04T03:22:46.042Z] [runtime-status] [15556] Functions runtime initialized. {"cwd":"C:\\Users\\night\\Documents\\GitHub\\speedy\\my-app\\functions","node_version":"20.8.0"} {"metadata":{"emulator":{"name":"functions"},"function":{"name":"us-central1-sendEmail"},"extension":{},"message":"[runtime-status] [15556] Functions runtime initialized. {\"cwd\":\"C:\\\\Users\\\\night\\\\Documents\\\\GitHub\\\\speedy\\\\my-app\\\\functions\",\"node_version\":\"20.8.0\"}"}}
[debug] [2025-03-04T03:22:46.043Z] [runtime-status] [15556] Listening to port: \\?\pipe\fire_emu_38ed98934568761b {"metadata":{"emulator":{"name":"functions"},"function":{"name":"us-central1-sendEmail"},"extension":{},"message":"[runtime-status] [15556] Listening to port: \\\\?\\pipe\\fire_emu_38ed98934568761b"}}
[debug] [2025-03-04T03:22:46.047Z] [worker-us-central1-sendEmail-6b6bbb97-0d8a-446f-afd2-65636846d3a3]: IDLE {"metadata":{"emulator":{"name":"functions"},"function":{"name":"us-central1-sendEmail"},"extension":{},"message":"[worker-us-central1-sendEmail-6b6bbb97-0d8a-446f-afd2-65636846d3a3]: IDLE"}}
[debug] [2025-03-04T03:22:46.048Z] [worker-pool] submitRequest(triggerId=us-central1-sendEmail) {"metadata":{"emulator":{"name":"functions"},"message":"[worker-pool] submitRequest(triggerId=us-central1-sendEmail)"}}
[info] i  functions: Beginning execution of "us-central1-sendEmail" {"metadata":{"emulator":{"name":"functions"},"function":{"name":"us-central1-sendEmail"},"extension":{},"message":"Beginning execution of \"us-central1-sendEmail\""}}
[debug] [2025-03-04T03:22:46.048Z] [worker-us-central1-sendEmail-6b6bbb97-0d8a-446f-afd2-65636846d3a3]: BUSY {"metadata":{"emulator":{"name":"functions"},"function":{"name":"us-central1-sendEmail"},"extension":{},"message":"[worker-us-central1-sendEmail-6b6bbb97-0d8a-446f-afd2-65636846d3a3]: BUSY"}}
[debug] [2025-03-04T03:22:46.057Z] [runtime-status] [15556] RunCloudEvent {"specversion":"1.0","type":"google.cloud.firestore.document.v1.created","source":"//firestore.googleapis.com/projects/projects/speedy-c4155/databases/(default)","id":"db3dbec0-eb62-4f0e-8b5e-cee375ab4634","subject":"documents/Appointments/Zp0rr8kRTVXlgFETLqu6","time":"2025-03-04T03:22:44Z","datacontenttype":"application/protobuf","dataschema":"https://github.com/googleapis/google-cloudevents/blob/main/proto/google/events/cloud/firestore/v1/data.proto","location":"us-central1","project":"speedy-c4155","database":"(default)","namespace":"(default)","document":"Appointments/Zp0rr8kRTVXlgFETLqu6","data":{"type":"Buffer","data":[10,248,2,10,85,112,114,111,106,101,99,116,115,47,115,112,101,101,100,121,45,99,52,49,53,53,47,100,97,116,97,98,97,115,101,115,47,40,100,101,102,97,117,108,116,41,47,100,111,99,117,109,101,110,116,115,47,65,112,112,111,105,110,116,109,101,110,116,115,47,90,112,48,114,114,56,107,82,84,86,88,108,103,70,69,84,76,113,117,54,18,130,2,10,8,102,111,114,109,68,97,116,97,18,245,1,50,242,1,10,25,10,9,102,105,114,115,116,78,97,109,101,18,12,138,1,9,83,104,97,114,106,97,110,97,110,10,25,10,8,108,97,115,116,78,97,109,101,18,13,138,1,10,83,116,97,110,105,99,117,108,97,115,10,35,10,5,101,109,97,105,108,18,26,138,1,23,115,104,97,114,106,97,110,97,110,53,53,64,104,111,116,109,97,105,108,46,99,111,109,10,23,10,5,112,104,111,110,101,18,14,138,1,11,49,53,49,52,57,50,52,57,49,53,52,10,36,10,13,115,101,114,118,105,99,101,78,101,101,100,101,100,18,19,138,1,16,71,101,110,101,114,97,108,32,77,101,99,104,97,110,105,99,10,23,10,7,99,97,114,84,121,112,101,18,12,138,1,9,72,97,116,99,104,98,97,99,107,10,14,10,7,99,97,114,89,101,97,114,18,3,16,223,15,10,19,10,4,99,105,116,121,18,11,138,1,8,77,79,78,84,82,69,65,76,10,24,10,10,112,111,115,116,97,108,67,111,100,101,18,10,138,1,7,72,49,90,32,52,67,54,26,12,8,132,228,153,190,6,16,152,140,172,247,1,34,12,8,132,228,153,190,6,16,152,140,172,247,1,26,0]}} {"metadata":{"emulator":{"name":"functions"},"function":{"name":"us-central1-sendEmail"},"extension":{},"message":"[runtime-status] [15556] RunCloudEvent {\"specversion\":\"1.0\",\"type\":\"google.cloud.firestore.document.v1.created\",\"source\":\"//firestore.googleapis.com/projects/projects/speedy-c4155/databases/(default)\",\"id\":\"db3dbec0-eb62-4f0e-8b5e-cee375ab4634\",\"subject\":\"documents/Appointments/Zp0rr8kRTVXlgFETLqu6\",\"time\":\"2025-03-04T03:22:44Z\",\"datacontenttype\":\"application/protobuf\",\"dataschema\":\"https://github.com/googleapis/google-cloudevents/blob/main/proto/google/events/cloud/firestore/v1/data.proto\",\"location\":\"us-central1\",\"project\":\"speedy-c4155\",\"database\":\"(default)\",\"namespace\":\"(default)\",\"document\":\"Appointments/Zp0rr8kRTVXlgFETLqu6\",\"data\":{\"type\":\"Buffer\",\"data\":[10,248,2,10,85,112,114,111,106,101,99,116,115,47,115,112,101,101,100,121,45,99,52,49,53,53,47,100,97,116,97,98,97,115,101,115,47,40,100,101,102,97,117,108,116,41,47,100,111,99,117,109,101,110,116,115,47,65,112,112,111,105,110,116,109,101,110,116,115,47,90,112,48,114,114,56,107,82,84,86,88,108,103,70,69,84,76,113,117,54,18,130,2,10,8,102,111,114,109,68,97,116,97,18,245,1,50,242,1,10,25,10,9,102,105,114,115,116,78,97,109,101,18,12,138,1,9,83,104,97,114,106,97,110,97,110,10,25,10,8,108,97,115,116,78,97,109,101,18,13,138,1,10,83,116,97,110,105,99,117,108,97,115,10,35,10,5,101,109,97,105,108,18,26,138,1,23,115,104,97,114,106,97,110,97,110,53,53,64,104,111,116,109,97,105,108,46,99,111,109,10,23,10,5,112,104,111,110,101,18,14,138,1,11,49,53,49,52,57,50,52,57,49,53,52,10,36,10,13,115,101,114,118,105,99,101,78,101,101,100,101,100,18,19,138,1,16,71,101,110,101,114,97,108,32,77,101,99,104,97,110,105,99,10,23,10,7,99,97,114,84,121,112,101,18,12,138,1,9,72,97,116,99,104,98,97,99,107,10,14,10,7,99,97,114,89,101,97,114,18,3,16,223,15,10,19,10,4,99,105,116,121,18,11,138,1,8,77,79,78,84,82,69,65,76,10,24,10,10,112,111,115,116,97,108,67,111,100,101,18,10,138,1,7,72,49,90,32,52,67,54,26,12,8,132,228,153,190,6,16,152,140,172,247,1,34,12,8,132,228,153,190,6,16,152,140,172,247,1,26,0]}}"}}
[info] >  📩 Firestore Trigger Activated! {"user":"📩 Firestore Trigger Activated!","metadata":{"emulator":{"name":"functions"},"function":{"name":"us-central1-sendEmail"},"extension":{},"message":"\u001b[90m> \u001b[39m 📩 Firestore Trigger Activated!"}}
[info] >  📩 Email sent successfully! {"user":"📩 Email sent successfully!","metadata":{"emulator":{"name":"functions"},"function":{"name":"us-central1-sendEmail"},"extension":{},"message":"\u001b[90m> \u001b[39m 📩 Email sent successfully!"}}
[debug] [2025-03-04T03:22:46.632Z] Finishing up request with event=pause {"metadata":{"emulator":{"name":"functions"},"function":{"name":"us-central1-sendEmail"},"extension":{},"message":"Finishing up request with event=pause"}}
[info] i  functions: Finished "us-central1-sendEmail" in 583.9023ms {"metadata":{"emulator":{"name":"functions"},"function":{"name":"us-central1-sendEmail"},"extension":{},"message":"Finished \"us-central1-sendEmail\" in 583.9023ms"}}
[debug] [2025-03-04T03:22:46.633Z] [worker-us-central1-sendEmail-6b6bbb97-0d8a-446f-afd2-65636846d3a3]: IDLE {"metadata":{"emulator":{"name":"functions"},"function":{"name":"us-central1-sendEmail"},"extension":{},"message":"[worker-us-central1-sendEmail-6b6bbb97-0d8a-446f-afd2-65636846d3a3]: IDLE"}}
[debug] [2025-03-04T03:22:46.634Z] Finishing up request with event=finish {"metadata":{"emulator":{"name":"functions"},"function":{"name":"us-central1-sendEmail"},"extension":{},"message":"Finishing up request with event=finish"}}
[debug] [2025-03-04T03:22:46.634Z] Finishing up request with event=close {"metadata":{"emulator":{"name":"functions"},"function":{"name":"us-central1-sendEmail"},"extension":{},"message":"Finishing up request with event=close"}}
[debug] [2025-03-04T03:22:46.634Z] [work-queue] {"queuedWork":[],"queueLength":0,"runningWork":[],"workRunningCount":0}
